[backblue.gif]
[fade.gif]
[index.html]
[ecommerceportal.dhl.com/track/index.html]
[ecommerceportal.dhl.com/track/pages/customer/trackItNowPublic.html]
[ecommerceportal.dhl.com/track/javax.faces.resource/theme.cssab55.css]
[ecommerceportal.dhl.com/track/javax.faces.resource/jquery/jquery.js134a.xhtml]
[ecommerceportal.dhl.com/track/javax.faces.resource/jquery/jquery-plugins.js134a.xhtml]
[ecommerceportal.dhl.com/track/javax.faces.resource/core.js134a.xhtml]
[ecommerceportal.dhl.com/track/javax.faces.resource/components.js134a.xhtml]
[ecommerceportal.dhl.com/track/javax.faces.resource/components.css134a.css]
[ecommerceportal.dhl.com/track/javax.faces.resource/watermark/watermark.js134a.xhtml]
[ecommerceportal.dhl.com/track/resources/ui-template-0.4/img/ui-0.2/favicon.gife45f.ico]
[ecommerceportal.dhl.com/track/javax.faces.resource/css/bootstrap.min.css54c4.css]
[ecommerceportal.dhl.com/track/javax.faces.resource/css/sb-admin.css54c4.css]
[ecommerceportal.dhl.com/track/javax.faces.resource/css/font-awesome.min.css54c4.css]
[ecommerceportal.dhl.com/track/javax.faces.resource/css/Loginscreen.css54c4.css]
[ecommerceportal.dhl.com/track/javax.faces.resource/css/bootstrap-ext.css54c4.css]
[ecommerceportal.dhl.com/track/javax.faces.resource/css/portal.css54c4.css]
[ecommerceportal.dhl.com/track/javax.faces.resource/css/offcanvas.css54c4.css]
[ecommerceportal.dhl.com/track/javax.faces.resource/css/portal-0.4.css54c4.css]
[ecommerceportal.dhl.com/track/javax.faces.resource/js/bootstrap.min.js54c4.xhtml]
[ecommerceportal.dhl.com/track/javax.faces.resource/js/left-navigation.js54c4.xhtml]
[ecommerceportal.dhl.com/track/javax.faces.resource/js/sku.js54c4.xhtml]
[ecommerceportal.dhl.com/track/javax.faces.resource/js/html5shiv.min.js54c4.xhtml]
[ecommerceportal.dhl.com/track/javax.faces.resource/js/respond.min.js54c4.xhtml]
[ecommerceportal.dhl.com/track/resources/ui-template-0.4/img/sort-icon-asce45f.png]
[ecommerceportal.dhl.com/track/resources/ui-template-0.4/img/sort-icon-desce45f.png]
[ecommerceportal.dhl.com/track/resources/ui-template-0.4/img/down-arrowe45f.png]
[ecommerceportal.dhl.com/track/resources/ui-template-0.4/img/ICONS_RED_CIRCLE_LOCATION1e45f.png]
[ecommerceportal.dhl.com/track/resources/ui-template-0.4/img/logine45f.png]
[ecommerceportal.dhl.com/track/resources/ui-template-0.4/img/header-backgrounde45f.png]
[ecommerceportal.dhl.com/track/resources/ui-template-0.4/img/ui-0.2/ui-icons_898989_256x240.png]
[ecommerceportal.dhl.com/track/resources/ui-template-0.4/img/loc-finder-imge1-selectede45f.png]
[ecommerceportal.dhl.com/track/resources/ui-template-0.4/img/dhl_logoe45f.png]
[ecommerceportal.dhl.com/track/javax.faces.resource/css/track.css54c4.css]
[ecommerceportal.dhl.com/track/javax.faces.resource/img/ui-icon-loading.gif54c4.gif]
[ecommerceportal.dhl.com/track/resources/ui-template-0.4/img/portal-icon-customer-servicee45f.png]
[ecommerceportal.dhl.com/track/javax.faces.resource/spacer/dot_clear.gif134a.gif]
[ecommerceportal.dhl.com/track/resources/ui-template-0.4/img/servicelink_separator_footere45f.gif]
[ecommerceportal.dhl.com/track/resources/ui-template-0.4/img/ui-icon-loading.gif]
[ecommerceportal.dhl.com/track/pages/customer/trackItNowPublic.html]
[ecommerceportal.dhl.com/track/javax.faces.resource/images/ui-bg_highlight-soft_100_c4c4c4_1x100.pngab55.png]
[ecommerceportal.dhl.com/track/javax.faces.resource/images/ui-bg_highlight-hard_80_c4c4c4_1x100.pngab55.png]
[ecommerceportal.dhl.com/track/javax.faces.resource/images/ui-bg_highlight-hard_80_85b2cb_1x100.pngab55.png]
[ecommerceportal.dhl.com/track/javax.faces.resource/images/ui-bg_inset-hard_65_85b2cb_1x100.pngab55.png]
[ecommerceportal.dhl.com/track/javax.faces.resource/images/ui-bg_inset-soft_95_fef1ec_1x100.pngab55.png]
[ecommerceportal.dhl.com/track/javax.faces.resource/images/ui-icons_616161_256x240.pngab55.png]
[ecommerceportal.dhl.com/track/javax.faces.resource/images/ui-icons_898989_256x240.pngab55.png]
[ecommerceportal.dhl.com/track/javax.faces.resource/images/ui-icons_38667f_256x240.pngab55.png]
[ecommerceportal.dhl.com/track/javax.faces.resource/images/ui-icons_2e83ff_256x240.pngab55.png]
[ecommerceportal.dhl.com/track/javax.faces.resource/images/ui-icons_cd0a0a_256x240.pngab55.png]
[ecommerceportal.dhl.com/track/javax.faces.resource/images/ui-bg_flat_0_2d5972_40x100.pngab55.png]
[ecommerceportal.dhl.com/track/javax.faces.resource/images/ui-bg_flat_0_4f4f4f_40x100.pngab55.png]
[ecommerceportal.dhl.com/track/javax.faces.resource/theme.cssab55.css]
[ecommerceportal.dhl.com/track/javax.faces.resource/datascroller/images/loading.gif134a.gif]
[ecommerceportal.dhl.com/track/javax.faces.resource/forms/password-meter.png134a.png]
[ecommerceportal.dhl.com/track/javax.faces.resource/messages/messages.png134a.png]
[ecommerceportal.dhl.com/track/javax.faces.resource/lightbox/images/loading.gif134a.gif]
[ecommerceportal.dhl.com/track/javax.faces.resource/outputpanel/images/loading.gif134a.gif]
[ecommerceportal.dhl.com/track/javax.faces.resource/rating/rating.png134a.png]
[ecommerceportal.dhl.com/track/javax.faces.resource/tree/images/line.gif134a.gif]
[ecommerceportal.dhl.com/track/javax.faces.resource/components.css134a.css]
[ecommerceportal.dhl.com/track/javax.faces.resource/watermark/watermark.css134a.css]
[ecommerceportal.dhl.com/track/javax.faces.resource/css/bootstrap.min.css54c4.css]
[ecommerceportal.dhl.com/track/javax.faces.resource/css/sb-admin.css54c4.css]
[ecommerceportal.dhl.com/track/javax.faces.resource/css/plugins/morris.css54c4.css]
[ecommerceportal.dhl.com/track/javax.faces.resource/css/font-awesome.min.css54c4.css]
[ecommerceportal.dhl.com/track/resources/ui-template-0.4/Fonts-Delivery/EOT/Delivery_W_Bdd41d.eot]
[ecommerceportal.dhl.com/track/resources/ui-template-0.4/Fonts-Delivery/WOFF2/Delivery_W_Bd.woff2]
[ecommerceportal.dhl.com/track/resources/ui-template-0.4/Fonts-Delivery/WOFF/Delivery_W_Bd.woff]
[ecommerceportal.dhl.com/track/resources/ui-template-0.4/Fonts-Delivery/TTF/Delivery_Bd.ttf]
[ecommerceportal.dhl.com/track/javax.faces.resource/css/Loginscreen.css54c4.css]
[ecommerceportal.dhl.com/track/resources/ui-template-0.4/Fonts-Delivery/SVG/Delivery_W_Bd.svg]
[ecommerceportal.dhl.com/track/resources/ui-template-0.4/img/header-background.png]
[ecommerceportal.dhl.com/track/javax.faces.resource/css/bootstrap-ext.css54c4.css]
[ecommerceportal.dhl.com/track/resources/ui-template-0.4/img/ui-0.2/icon_next.png]
[ecommerceportal.dhl.com/track/resources/ui-template-0.4/img/ui-0.2/icon_close.png]
[ecommerceportal.dhl.com/track/resources/ui-template-0.4/img/ui-0.2/tick_mark.png]
[ecommerceportal.dhl.com/track/resources/ui-template-0.4/img/ui-0.2/icon_info.png]
[ecommerceportal.dhl.com/track/resources/ui-template-0.4/img/ui-0.2/icon_plus.png]
[ecommerceportal.dhl.com/track/resources/ui-template-0.4/img/ui-0.2/add_button.png]
[ecommerceportal.dhl.com/track/javax.faces.resource/css/portal.css54c4.css]
[ecommerceportal.dhl.com/track/javax.faces.resource/css/offcanvas.css54c4.css]
[ecommerceportal.dhl.com/track/resources/ui-template-0.4/Fonts-Delivery/EOT/Delivery_W_CdLtd41d.eot]
[ecommerceportal.dhl.com/track/resources/ui-template-0.4/Fonts-Delivery/WOFF2/Delivery_W_CdLt.woff2]
[ecommerceportal.dhl.com/track/resources/ui-template-0.4/Fonts-Delivery/WOFF/Delivery_W_CdLt.woff]
[ecommerceportal.dhl.com/track/resources/ui-template-0.4/Fonts-Delivery/TTF/Delivery_CdLt.ttf]
[ecommerceportal.dhl.com/track/javax.faces.resource/css/portal-0.4.css54c4.css]
[ecommerceportal.dhl.com/track/javax.faces.resource/css/track.css54c4.css]
[ecommerceportal.dhl.com/track/javax.faces.resource/fonts/fontawesome-webfont78ce.html]
[ecommerceportal.dhl.com/track/javax.faces.resource/fonts/fontawesome-webfontd41d.html]
[ecommerceportal.dhl.com/track/javax.faces.resource/fonts/fontawesome-webfont78ce-2.html]
[ecommerceportal.dhl.com/track/javax.faces.resource/fonts/fontawesome-webfont78ce-3.html]
[ecommerceportal.dhl.com/track/javax.faces.resource/fonts/fontawesome-webfont78ce-4.html]
[ecommerceportal.dhl.com/track/resources/ui-template-0.4/Fonts-Delivery/SVG/Delivery_W_CdLt.svg]
[ecommerceportal.dhl.com/track/resources/ui-template-0.4/Fonts-Delivery/SVG/Delivery_W_Bd.svg]
[ecommerceportal.dhl.com/track/resources/ui-template-0.4/img/ui-0.2/img/icon_next.html]
[ecommerceportal.dhl.com/track/resources/ui-template-0.4/Fonts-Delivery/SVG/Delivery_W_CdLt.svg]
